<mxGraphModel>
    <root>
        <mxCell id="0"/>
        <mxCell id="1" parent="0"/>
        <mxCell edge="1" id="da59c70f-a292-3dae-ef72-a01f3c25f0ee_4" parent="1" source="da59c70f-a292-3dae-ef72-a01f3c25f0ee_2" style="edgeStyle=orthogonalEdgeStyle;rounded=0;orthogonalLoop=1;jettySize=auto;html=1;exitX=0.5;exitY=1;exitDx=0;exitDy=0;" target="da59c70f-a292-3dae-ef72-a01f3c25f0ee_3">
                        
            <mxGeometry as="geometry" relative="1"/>
                    
        </mxCell>
        <mxCell id="da59c70f-a292-3dae-ef72-a01f3c25f0ee_2" parent="1" style="whiteSpace=wrap;html=1;aspect=fixed;" value="" vertex="1">
                        
            <mxGeometry as="geometry" height="80" width="80" x="350" y="260"/>
                    
        </mxCell>
        <mxCell id="da59c70f-a292-3dae-ef72-a01f3c25f0ee_3" parent="1" style="whiteSpace=wrap;html=1;aspect=fixed;" value="" vertex="1">
                        
            <mxGeometry as="geometry" height="80" width="80" x="210" y="370"/>
                    
        </mxCell>
    </root>
</mxGraphModel>
